2024-08-22 16:57:05.705 | DEBUG    | __main__:<module>:4 - this is a debug
